 DBCSR| Multiplication driver                                                SMM
 DBCSR| Multrec recursion limit                                              512
 DBCSR| Multiplication stack size                                           1000
 DBCSR| Multiplication size stacks                                             3
 DBCSR| Use subcommunicators                                                   T
 DBCSR| Use MPI combined types                                                 F
 DBCSR| Use MPI memory allocation                                              T
 DBCSR| Use Communication thread                                               T
 DBCSR| Communication thread load                                             87


  **** **** ******  **  PROGRAM STARTED AT               2015-11-04 09:48:53.237
 ***** ** ***  *** **   PROGRAM STARTED ON                   lauri-Lenovo-Z50-70
 **    ****   ******    PROGRAM STARTED BY                                 lauri
 ***** **    ** ** **   PROGRAM PROCESS ID                                  2044
  **** **  *******  **  PROGRAM STARTED IN /home/lauri/Dropbox/NoMaD Personal/gi
                                           tlab/parser-cp2k/cp2kparser/tests/2.6
                                           .2/functionals/blyp

 CP2K| version string:                                        CP2K version 2.6.2
 CP2K| source code revision number:                                    svn:15893
 CP2K| is freely available from                             http://www.cp2k.org/
 CP2K| Program compiled at                           ke 4.11.2015 08.48.42 +0200
 CP2K| Program compiled on                                   lauri-Lenovo-Z50-70
 CP2K| Program compiled for                          Linux-x86-64-gfortran_basic
 CP2K| Input file name                                                  blyp.inp

 GLOBAL| Force Environment number                                              1
 GLOBAL| Basis set file name                               /home/lauri/BASIS_SET
 GLOBAL| Geminal file name                                         BASIS_GEMINAL
 GLOBAL| Potential file name                          /home/lauri/GTH_POTENTIALS
 GLOBAL| MM Potential file name                                     MM_POTENTIAL
 GLOBAL| Coordinate file name                                      __STD_INPUT__
 GLOBAL| Method name                                                        CP2K
 GLOBAL| Project name                                                    si_bulk
 GLOBAL| Preferred FFT library                                             FFTW3
 GLOBAL| Preferred diagonalization lib.                                       SL
 GLOBAL| Run type                                                   ENERGY_FORCE
 GLOBAL| All-to-all communication in single precision                          F
 GLOBAL| FFTs using library dependent lengths                                  F
 GLOBAL| Global print level                                                  LOW
 GLOBAL| Total number of message passing processes                             1
 GLOBAL| Number of threads for this process                                    1
 GLOBAL| This output is from process                                           0

 MEMORY| system memory details [Kb]
 MEMORY|                        rank 0           min           max       average
 MEMORY| MemTotal              8070396       8070396       8070396       8070396
 MEMORY| MemFree               2580024       2580024       2580024       2580024
 MEMORY| Buffers                430360        430360        430360        430360
 MEMORY| Cached                3154096       3154096       3154096       3154096
 MEMORY| Slab                   353540        353540        353540        353540
 MEMORY| SReclaimable           313332        313332        313332        313332
 MEMORY| MemLikelyFree         6477812       6477812       6477812       6477812


 GENERATE|  Preliminary Number of Bonds generated:                             0
 GENERATE|  Achieved consistency in connectivity generation.

 *******************************************************************************
 *******************************************************************************
 **                                                                           **
 **     #####                         ##              ##                      **
 **    ##   ##            ##          ##              ##                      **
 **   ##     ##                       ##            ######                    **
 **   ##     ##  ##   ##  ##   #####  ##  ##   ####   ##    #####    #####    **
 **   ##     ##  ##   ##  ##  ##      ## ##   ##      ##   ##   ##  ##   ##   **
 **   ##  ## ##  ##   ##  ##  ##      ####     ###    ##   ######   ######    **
 **    ##  ###   ##   ##  ##  ##      ## ##      ##   ##   ##       ##        **
 **     #######   #####   ##   #####  ##  ##  ####    ##    #####   ##        **
 **           ##                                                    ##        **
 **                                                                           **
 **                                                ... make the atoms dance   **
 **                                                                           **
 **            Copyright (C) by CP2K Developers Group (2000 - 2014)           **
 **                                                                           **
 *******************************************************************************


 SCF PARAMETERS         Density guess:                                    ATOMIC
                        --------------------------------------------------------
                        max_scf:                                             100
                        max_scf_history:                                       0
                        max_diis:                                              4
                        --------------------------------------------------------
                        eps_scf:                                        1.00E-03
                        eps_scf_history:                                0.00E+00
                        eps_diis:                                       1.00E-01
                        eps_eigval:                                     1.00E-05
                        --------------------------------------------------------
                        level_shift [a.u.]:                                 0.00
                        --------------------------------------------------------
                        Mixing method:                           DIRECT_P_MIXING
                        --------------------------------------------------------
                        No outer SCF

 Number of electrons:                                                          4
 Number of occupied orbitals:                                                  2
 Number of molecular orbitals:                                                 2

 Number of orbital functions:                                                 13
 Number of independent orbital functions:                                     13

 Extrapolation method: initial_guess


 SCF WAVEFUNCTION OPTIMIZATION

  Step     Update method      Time    Convergence         Total energy    Change
  ------------------------------------------------------------------------------
     1 P_Mix/Diag. 0.40E+00    0.0     0.91054691        -3.7676530551 -3.77E+00
     2 P_Mix/Diag. 0.40E+00    0.0     1.43423699        -3.7630769565  4.58E-03
     3 P_Mix/Diag. 0.40E+00    0.0     1.17313688        -3.7617744608  1.30E-03
     4 P_Mix/Diag. 0.40E+00    0.0     1.19324262        -3.7617213565  5.31E-05
     5 P_Mix/Diag. 0.40E+00    0.0     1.53629065        -3.7604565666  1.26E-03
     6 P_Mix/Diag. 0.40E+00    0.0     1.04343399        -3.7600601589  3.96E-04
     7 P_Mix/Diag. 0.40E+00    0.0     1.11760522        -3.7602421542 -1.82E-04
     8 P_Mix/Diag. 0.40E+00    0.0     1.55241328        -3.7597597549  4.82E-04
     9 P_Mix/Diag. 0.40E+00    0.0     1.31913505        -3.7596485929  1.11E-04
    10 P_Mix/Diag. 0.40E+00    0.0     1.42124885        -3.7596975373 -4.89E-05
    11 P_Mix/Diag. 0.40E+00    0.0     1.55681371        -3.7595305017  1.67E-04
    12 P_Mix/Diag. 0.40E+00    0.0     1.54366578        -3.7595254937  5.01E-06
    13 P_Mix/Diag. 0.40E+00    0.0     1.54961040        -3.7595329296 -7.44E-06
    14 P_Mix/Diag. 0.40E+00    0.0     1.55797923        -3.7595065213  2.64E-05
    15 P_Mix/Diag. 0.40E+00    0.0     1.55791464        -3.7595065030  1.83E-08
    16 P_Mix/Diag. 0.40E+00    0.0     1.55729009        -3.7595080837 -1.58E-06
    17 P_Mix/Diag. 0.40E+00    0.0     1.55805803        -3.7595030999  4.98E-06
    18 P_Mix/Diag. 0.40E+00    0.0     1.55810813        -3.7595030814  1.85E-08
    19 P_Mix/Diag. 0.40E+00    0.0     1.55791276        -3.7595033429 -2.62E-07
    20 P_Mix/Diag. 0.40E+00    0.0     1.55804481        -3.7595023489  9.94E-07
    21 P_Mix/Diag. 0.40E+00    0.0     1.55805434        -3.7595023347  1.42E-08
    22 P_Mix/Diag. 0.40E+00    0.0     1.55801129        -3.7595023719 -3.72E-08
    23 P_Mix/Diag. 0.40E+00    0.0     1.55803848        -3.7595021729  1.99E-07
    24 P_Mix/Diag. 0.40E+00    0.0     1.55803991        -3.7595021675  5.44E-09
    25 P_Mix/Diag. 0.40E+00    0.0     1.55803093        -3.7595021713 -3.83E-09
    26 P_Mix/Diag. 0.40E+00    0.0     1.55803669        -3.7595021317  3.96E-08
    27 P_Mix/Diag. 0.40E+00    0.0     1.55803686        -3.7595021300  1.69E-09
    28 P_Mix/Diag. 0.40E+00    0.0     1.55803502        -3.7595021299  7.46E-11
    29 P_Mix/Diag. 0.40E+00    0.0     1.55803625        -3.7595021221  7.84E-09
    30 P_Mix/Diag. 0.40E+00    0.0     1.55803625        -3.7595021216  4.75E-10
    31 P_Mix/Diag. 0.40E+00    0.0     1.55803588        -3.7595021214  2.11E-10
    32 P_Mix/Diag. 0.40E+00    0.0     1.55803614        -3.7595021198  1.54E-09
    33 P_Mix/Diag. 0.40E+00    0.0     1.55803613        -3.7595021197  1.26E-10
    34 P_Mix/Diag. 0.40E+00    0.0     1.55803606        -3.7595021196  8.77E-11
    35 P_Mix/Diag. 0.40E+00    0.0     1.55803611        -3.7595021193  2.99E-10
    36 P_Mix/Diag. 0.40E+00    0.0     1.55803611        -3.7595021193  3.25E-11
    37 P_Mix/Diag. 0.40E+00    0.0     1.55803610        -3.7595021193  2.81E-11
    38 P_Mix/Diag. 0.40E+00    0.0     1.55803611        -3.7595021192  5.71E-11
    39 P_Mix/Diag. 0.40E+00    0.0     1.55803611        -3.7595021192  8.14E-12
    40 P_Mix/Diag. 0.40E+00    0.0     1.55803610        -3.7595021192  8.09E-12
    41 P_Mix/Diag. 0.40E+00    0.0     1.55803611        -3.7595021192  1.07E-11
    42 P_Mix/Diag. 0.40E+00    0.0     1.55803611        -3.7595021192  2.00E-12
    43 P_Mix/Diag. 0.40E+00    0.0     1.55803610        -3.7595021192  2.20E-12
    44 P_Mix/Diag. 0.40E+00    0.0     1.55803611        -3.7595021192  1.94E-12
    45 P_Mix/Diag. 0.40E+00    0.0     1.55803611        -3.7595021192  4.83E-13
    46 P_Mix/Diag. 0.40E+00    0.0     1.55803610        -3.7595021192  5.81E-13
    47 P_Mix/Diag. 0.40E+00    0.0     1.55803611        -3.7595021192  3.32E-13
    48 P_Mix/Diag. 0.40E+00    0.0     1.55803611        -3.7595021192  1.16E-13
    49 P_Mix/Diag. 0.40E+00    0.0     1.55803611        -3.7595021192  1.50E-13
    50 P_Mix/Diag. 0.40E+00    0.0     1.55803611        -3.7595021192  5.06E-14
    51 P_Mix/Diag. 0.40E+00    0.0     1.55803611        -3.7595021192  2.71E-14
    52 P_Mix/Diag. 0.40E+00    0.0     1.55803611        -3.7595021192  4.04E-14
    53 P_Mix/Diag. 0.40E+00    0.0     1.55803611        -3.7595021192  4.00E-15
    54 P_Mix/Diag. 0.40E+00    0.0     1.55803611        -3.7595021192  6.22E-15
    55 P_Mix/Diag. 0.40E+00    0.0     1.55803611        -3.7595021192  1.07E-14
    56 P_Mix/Diag. 0.40E+00    0.0     1.55803611        -3.7595021192 -4.44E-16
    57 P_Mix/Diag. 0.40E+00    0.0     1.55803611        -3.7595021192  1.33E-15
    58 P_Mix/Diag. 0.40E+00    0.0     1.55803611        -3.7595021192  3.55E-15
    59 P_Mix/Diag. 0.40E+00    0.0     1.55803611        -3.7595021192  0.00E+00
    60 P_Mix/Diag. 0.40E+00    0.0     1.55803611        -3.7595021192 -8.88E-16
    61 P_Mix/Diag. 0.40E+00    0.0     1.55803611        -3.7595021192  8.88E-16
    62 P_Mix/Diag. 0.40E+00    0.0     1.55803611        -3.7595021192 -1.78E-15
    63 P_Mix/Diag. 0.40E+00    0.0     1.55803611        -3.7595021192  8.88E-16
    64 P_Mix/Diag. 0.40E+00    0.0     1.55803611        -3.7595021192  1.78E-15
    65 P_Mix/Diag. 0.40E+00    0.0     1.55803611        -3.7595021192  0.00E+00
    66 P_Mix/Diag. 0.40E+00    0.0     1.55803611        -3.7595021192 -4.44E-16
    67 P_Mix/Diag. 0.40E+00    0.0     1.55803611        -3.7595021192  4.44E-16
    68 P_Mix/Diag. 0.40E+00    0.0     1.55803611        -3.7595021192 -1.78E-15
    69 P_Mix/Diag. 0.40E+00    0.0     1.55803611        -3.7595021192  8.88E-16
    70 P_Mix/Diag. 0.40E+00    0.0     1.55803611        -3.7595021192  8.88E-16
    71 P_Mix/Diag. 0.40E+00    0.0     1.55803611        -3.7595021192 -8.88E-16
    72 P_Mix/Diag. 0.40E+00    0.0     1.55803611        -3.7595021192 -4.44E-16
    73 P_Mix/Diag. 0.40E+00    0.0     1.55803611        -3.7595021192  2.22E-15
    74 P_Mix/Diag. 0.40E+00    0.0     1.55803611        -3.7595021192 -1.78E-15
    75 P_Mix/Diag. 0.40E+00    0.0     1.55803611        -3.7595021192 -8.88E-16
    76 P_Mix/Diag. 0.40E+00    0.0     1.55803611        -3.7595021192  4.44E-16
    77 P_Mix/Diag. 0.40E+00    0.0     1.55803611        -3.7595021192 -1.33E-15
    78 P_Mix/Diag. 0.40E+00    0.0     1.55803611        -3.7595021192  0.00E+00
    79 P_Mix/Diag. 0.40E+00    0.0     1.55803611        -3.7595021192  1.33E-15
    80 P_Mix/Diag. 0.40E+00    0.0     1.55803611        -3.7595021192 -4.44E-16
    81 P_Mix/Diag. 0.40E+00    0.0     1.55803611        -3.7595021192  4.44E-16
    82 P_Mix/Diag. 0.40E+00    0.0     1.55803611        -3.7595021192  2.22E-15
    83 P_Mix/Diag. 0.40E+00    0.0     1.55803611        -3.7595021192 -2.66E-15
    84 P_Mix/Diag. 0.40E+00    0.0     1.55803611        -3.7595021192  8.88E-16
    85 P_Mix/Diag. 0.40E+00    0.0     1.55803611        -3.7595021192  4.44E-16
    86 P_Mix/Diag. 0.40E+00    0.0     1.55803611        -3.7595021192 -1.78E-15
    87 P_Mix/Diag. 0.40E+00    0.0     1.55803611        -3.7595021192  4.44E-16
    88 P_Mix/Diag. 0.40E+00    0.0     1.55803611        -3.7595021192  2.66E-15
    89 P_Mix/Diag. 0.40E+00    0.0     1.55803611        -3.7595021192 -2.22E-15
    90 P_Mix/Diag. 0.40E+00    0.0     1.55803611        -3.7595021192  4.44E-16
    91 P_Mix/Diag. 0.40E+00    0.0     1.55803611        -3.7595021192  1.33E-15
    92 P_Mix/Diag. 0.40E+00    0.0     1.55803611        -3.7595021192 -2.22E-15
    93 P_Mix/Diag. 0.40E+00    0.0     1.55803611        -3.7595021192 -8.88E-16
    94 P_Mix/Diag. 0.40E+00    0.0     1.55803611        -3.7595021192  2.66E-15
    95 P_Mix/Diag. 0.40E+00    0.0     1.55803611        -3.7595021192 -8.88E-16
    96 P_Mix/Diag. 0.40E+00    0.0     1.55803611        -3.7595021192  0.00E+00
    97 P_Mix/Diag. 0.40E+00    0.0     1.55803611        -3.7595021192  0.00E+00
    98 P_Mix/Diag. 0.40E+00    0.0     1.55803611        -3.7595021192 -4.44E-16
    99 P_Mix/Diag. 0.40E+00    0.0     1.55803611        -3.7595021192  4.44E-16
   100 P_Mix/Diag. 0.40E+00    0.0     1.55803611        -3.7595021192  4.44E-16

  *** SCF run NOT converged ***


  Electronic density on regular grids:         -3.9998129532        0.0001870468
  Core density on regular grids:                3.9961648024       -0.0038351976
  Total charge density on r-space grids:       -0.0036481509
  Total charge density g-space grids:          -0.0036481509

  Overlap energy of the core charge distribution:               0.00000000000000
  Self energy of the core charge distribution:                -10.25799242814102
  Core Hamiltonian energy:                                      1.96224373129099
  Hartree energy:                                               5.52057009396194
  Exchange-correlation energy:                                 -0.98432351627813

  Total energy:                                                -3.75950211916622

 ENERGY| Total FORCE_EVAL ( QS ) energy (a.u.):               -3.743992420430962


 -------------------------------------------------------------------------------
 -                                                                             -
 -                                DBCSR STATISTICS                             -
 -                                                                             -
 -------------------------------------------------------------------------------
 COUNTER                                      CPU                  ACC      ACC%
 number of processed stacks                   101                    0       0.0
 matmuls inhomo. stacks                         0                    0       0.0
 matmuls total                                101                    0       0.0
 flops  13 x   13 x    2                    68276                    0       0.0
 flops total                                68276                    0       0.0
 marketing flops                            68276
 -------------------------------------------------------------------------------

 -------------------------------------------------------------------------------
 -                                                                             -
 -                         MESSAGE PASSING PERFORMANCE                         -
 -                                                                             -
 -------------------------------------------------------------------------------

 ROUTINE             CALLS  TOT TIME [s]  AVE VOLUME [Bytes]  PERFORMANCE [MB/s]
 MP_Group                3         0.000
 MP_Bcast              102         0.000                  4.                1.62
 MP_Allreduce         1060         0.001                  8.               13.60
 MP_Sync                 2         0.000
 MP_Alltoall          2316         0.002                522.              768.26
 MP_Wait              2424         0.001
 MP_ISend              808         0.002                228.              115.30
 MP_IRecv              808         0.000                228.              426.19
 MP_Memory            2424         0.001
 -------------------------------------------------------------------------------


 -------------------------------------------------------------------------------
 -                                                                             -
 -                           R E F E R E N C E S                               -
 -                                                                             -
 -------------------------------------------------------------------------------
 
 CP2K version 2.6.2, the CP2K developers group (2015).
 CP2K is freely available from http://www.cp2k.org/ .

 Borstnik, U; VandeVondele, J; Weber, V; Hutter, J. 
 PARALLEL COMPUTING, 40 (5-6), 47-58 (2014). 
 Sparse matrix multiplication: The distributed block-compressed sparse
 row library.
 http://dx.doi.org/10.1016/j.parco.2014.03.012


 Hutter, J; Iannuzzi, M; Schiffmann, F; VandeVondele, J. 
 WILEY INTERDISCIPLINARY REVIEWS-COMPUTATIONAL MOLECULAR SCIENCE, 4 (1), 15-25 (2014). 
 CP2K: atomistic simulations of condensed matter systems.
 http://dx.doi.org/10.1002/wcms.1159


 Krack, M. 
 THEORETICAL CHEMISTRY ACCOUNTS, 114 (1-3), 145-152 (2005). 
 Pseudopotentials for H to Kr optimized for gradient-corrected
 exchange-correlation functionals.
 http://dx.doi.org/10.1007/s00214-005-0655-y


 VandeVondele, J; Krack, M; Mohamed, F; Parrinello, M; Chassaing, T;
 Hutter, J. COMPUTER PHYSICS COMMUNICATIONS, 167 (2), 103-128 (2005). 
 QUICKSTEP: Fast and accurate density functional calculations using a
 mixed Gaussian and plane waves approach.
 http://dx.doi.org/10.1016/j.cpc.2004.12.014


 Frigo, M; Johnson, SG. 
 PROCEEDINGS OF THE IEEE, 93 (2), 216-231 (2005). 
 The design and implementation of FFTW3.
 http://dx.doi.org/10.1109/JPROC.2004.840301


 Hartwigsen, C; Goedecker, S; Hutter, J. 
 PHYSICAL REVIEW B, 58 (7), 3641-3662 (1998). 
 Relativistic separable dual-space Gaussian pseudopotentials from H to Rn.
 http://dx.doi.org/10.1103/PhysRevB.58.3641


 Lippert, G; Hutter, J; Parrinello, M. 
 MOLECULAR PHYSICS, 92 (3), 477-487 (1997). 
 A hybrid Gaussian and plane wave density functional scheme.
 http://dx.doi.org/10.1080/002689797170220


 Goedecker, S; Teter, M; Hutter, J. 
 PHYSICAL REVIEW B, 54 (3), 1703-1710 (1996). 
 Separable dual-space Gaussian pseudopotentials.
 http://dx.doi.org/10.1103/PhysRevB.54.1703


 BECKE, AD. PHYSICAL REVIEW A, 38 (6), 3098-3100 (1988). 
 DENSITY-FUNCTIONAL EXCHANGE-ENERGY APPROXIMATION WITH CORRECT
 ASYMPTOTIC-BEHAVIOR.
 http://dx.doi.org/10.1103/PhysRevA.38.3098


 LEE, CT; YANG, WT; PARR, RG. 
 PHYSICAL REVIEW B, 37 (2), 785-789 (1988). 
 DEVELOPMENT OF THE COLLE-SALVETTI CORRELATION-ENERGY FORMULA INTO A
 FUNCTIONAL OF THE ELECTRON-DENSITY.
 http://dx.doi.org/10.1103/PhysRevB.37.785


 -------------------------------------------------------------------------------
 -                                                                             -
 -                                T I M I N G                                  -
 -                                                                             -
 -------------------------------------------------------------------------------
 SUBROUTINE                       CALLS  ASD         SELF TIME        TOTAL TIME
                                MAXIMUM       AVERAGE  MAXIMUM  AVERAGE  MAXIMUM
 CP2K                                 1  1.0    0.002    0.002    1.213    1.213
 qs_forces                            1  2.0    0.000    0.000    1.181    1.181
 qs_energies_scf                      1  3.0    0.000    0.000    1.172    1.172
 scf_env_do_scf                       1  4.0    0.000    0.000    1.157    1.157
 scf_env_do_scf_inner_loop          100  5.0    0.008    0.008    1.157    1.157
 rebuild_ks_matrix                  101  7.0    0.000    0.000    0.887    0.887
 qs_ks_build_kohn_sham_matrix       101  8.0    0.006    0.006    0.886    0.886
 qs_ks_update_qs_env                100  6.0    0.001    0.001    0.880    0.880
 qs_vxc_create                      101  9.0    0.001    0.001    0.663    0.663
 xc_vxc_pw_create                   101 10.0    0.024    0.024    0.662    0.662
 xc_rho_set_and_dset_create         101 11.0    0.057    0.057    0.461    0.461
 fft_wrap_pw1pw2                   1314 10.7    0.007    0.007    0.452    0.452
 fft_wrap_pw1pw2_30                1112 11.8    0.026    0.026    0.433    0.433
 fft3d_s                           1315 12.7    0.290    0.290    0.301    0.301
 xc_functional_eval                 202 12.0    0.001    0.001    0.246    0.246
 qs_rho_update_rho                  101  6.0    0.000    0.000    0.156    0.156
 calculate_rho_elec                 101  7.0    0.063    0.063    0.156    0.156
 sum_up_and_integrate               101  9.0    0.003    0.003    0.136    0.136
 xb88_lda_eval                      101 13.0    0.134    0.134    0.134    0.134
 integrate_v_rspace                 101 10.0    0.078    0.078    0.133    0.133
 lyp_lda_eval                       101 13.0    0.111    0.111    0.111    0.111
 density_rs2pw                      101  8.0    0.001    0.001    0.092    0.092
 pw_scatter_s                       707 13.0    0.066    0.066    0.066    0.066
 calculate_dm_sparse                100  6.0    0.000    0.000    0.062    0.062
 cp_dbcsr_plus_fm_fm_t_native       101  7.0    0.001    0.001    0.061    0.061
 pw_gather_s                        607 12.5    0.051    0.051    0.051    0.051
 potential_pw2rs                    101 11.0    0.001    0.001    0.050    0.050
 dbcsr_mm_cannon_multiply           101  8.0    0.004    0.004    0.046    0.046
 pw_derive                          606 11.5    0.040    0.040    0.040    0.040
 quickstep_create_force_env           1  2.0    0.000    0.000    0.029    0.029
 pw_copy                            909 11.2    0.026    0.026    0.026    0.026
 pw_poisson_solve                   101  9.0    0.018    0.018    0.026    0.026
 dbcsr_complete_redistribute        302  9.0    0.011    0.011    0.024    0.024
 -------------------------------------------------------------------------------

  **** **** ******  **  PROGRAM ENDED AT                 2015-11-04 09:48:54.523
 ***** ** ***  *** **   PROGRAM RAN ON                       lauri-Lenovo-Z50-70
 **    ****   ******    PROGRAM RAN BY                                     lauri
 ***** **    ** ** **   PROGRAM PROCESS ID                                  2044
  **** **  *******  **  PROGRAM STOPPED IN /home/lauri/Dropbox/NoMaD Personal/gi
                                           tlab/parser-cp2k/cp2kparser/tests/2.6
                                           .2/functionals/blyp
