 DBCSR| Multiplication driver                                                SMM
 DBCSR| Multrec recursion limit                                              512
 DBCSR| Multiplication stack size                                           1000
 DBCSR| Multiplication size stacks                                             3
 DBCSR| Use subcommunicators                                                   T
 DBCSR| Use MPI combined types                                                 F
 DBCSR| Use MPI memory allocation                                              T
 DBCSR| Use Communication thread                                               T
 DBCSR| Communication thread load                                             87


  **** **** ******  **  PROGRAM STARTED AT               2015-11-04 09:10:40.967
 ***** ** ***  *** **   PROGRAM STARTED ON                   lauri-Lenovo-Z50-70
 **    ****   ******    PROGRAM STARTED BY                                 lauri
 ***** **    ** ** **   PROGRAM PROCESS ID                                  1042
  **** **  *******  **  PROGRAM STARTED IN /home/lauri/Dropbox/NoMaD Personal/gi
                                           tlab/parser-cp2k/cp2kparser/tests/2.6
                                           .2/functionals/becke88

 CP2K| version string:                                        CP2K version 2.6.2
 CP2K| source code revision number:                                    svn:15893
 CP2K| is freely available from                             http://www.cp2k.org/
 CP2K| Program compiled at                           ke 4.11.2015 08.48.42 +0200
 CP2K| Program compiled on                                   lauri-Lenovo-Z50-70
 CP2K| Program compiled for                          Linux-x86-64-gfortran_basic
 CP2K| Input file name                                               becke88.inp

 GLOBAL| Force Environment number                                              1
 GLOBAL| Basis set file name                               /home/lauri/BASIS_SET
 GLOBAL| Geminal file name                                         BASIS_GEMINAL
 GLOBAL| Potential file name                          /home/lauri/GTH_POTENTIALS
 GLOBAL| MM Potential file name                                     MM_POTENTIAL
 GLOBAL| Coordinate file name                                      __STD_INPUT__
 GLOBAL| Method name                                                        CP2K
 GLOBAL| Project name                                                    si_bulk
 GLOBAL| Preferred FFT library                                             FFTW3
 GLOBAL| Preferred diagonalization lib.                                       SL
 GLOBAL| Run type                                                   ENERGY_FORCE
 GLOBAL| All-to-all communication in single precision                          F
 GLOBAL| FFTs using library dependent lengths                                  F
 GLOBAL| Global print level                                                  LOW
 GLOBAL| Total number of message passing processes                             1
 GLOBAL| Number of threads for this process                                    1
 GLOBAL| This output is from process                                           0

 MEMORY| system memory details [Kb]
 MEMORY|                        rank 0           min           max       average
 MEMORY| MemTotal              8070396       8070396       8070396       8070396
 MEMORY| MemFree               2854788       2854788       2854788       2854788
 MEMORY| Buffers                415500        415500        415500        415500
 MEMORY| Cached                3084748       3084748       3084748       3084748
 MEMORY| Slab                   351156        351156        351156        351156
 MEMORY| SReclaimable           312204        312204        312204        312204
 MEMORY| MemLikelyFree         6667240       6667240       6667240       6667240


 GENERATE|  Preliminary Number of Bonds generated:                             0
 GENERATE|  Achieved consistency in connectivity generation.

 *******************************************************************************
 *******************************************************************************
 **                                                                           **
 **     #####                         ##              ##                      **
 **    ##   ##            ##          ##              ##                      **
 **   ##     ##                       ##            ######                    **
 **   ##     ##  ##   ##  ##   #####  ##  ##   ####   ##    #####    #####    **
 **   ##     ##  ##   ##  ##  ##      ## ##   ##      ##   ##   ##  ##   ##   **
 **   ##  ## ##  ##   ##  ##  ##      ####     ###    ##   ######   ######    **
 **    ##  ###   ##   ##  ##  ##      ## ##      ##   ##   ##       ##        **
 **     #######   #####   ##   #####  ##  ##  ####    ##    #####   ##        **
 **           ##                                                    ##        **
 **                                                                           **
 **                                                ... make the atoms dance   **
 **                                                                           **
 **            Copyright (C) by CP2K Developers Group (2000 - 2014)           **
 **                                                                           **
 *******************************************************************************


 SCF PARAMETERS         Density guess:                                    ATOMIC
                        --------------------------------------------------------
                        max_scf:                                             100
                        max_scf_history:                                       0
                        max_diis:                                              4
                        --------------------------------------------------------
                        eps_scf:                                        1.00E-03
                        eps_scf_history:                                0.00E+00
                        eps_diis:                                       1.00E-01
                        eps_eigval:                                     1.00E-05
                        --------------------------------------------------------
                        level_shift [a.u.]:                                 0.00
                        --------------------------------------------------------
                        Mixing method:                           DIRECT_P_MIXING
                        --------------------------------------------------------
                        No outer SCF

 Number of electrons:                                                          4
 Number of occupied orbitals:                                                  2
 Number of molecular orbitals:                                                 2

 Number of orbital functions:                                                 13
 Number of independent orbital functions:                                     13

 Extrapolation method: initial_guess


 SCF WAVEFUNCTION OPTIMIZATION

  Step     Update method      Time    Convergence         Total energy    Change
  ------------------------------------------------------------------------------
     1 P_Mix/Diag. 0.40E+00    0.0     0.58834082        -3.6916243010 -3.69E+00
     2 P_Mix/Diag. 0.40E+00    0.0     1.03136858        -3.6876787572  3.95E-03
     3 P_Mix/Diag. 0.40E+00    0.0     1.05100784        -3.6865162206  1.16E-03
     4 P_Mix/Diag. 0.40E+00    0.0     0.93987743        -3.6861588603  3.57E-04
     5 P_Mix/Diag. 0.40E+00    0.0     1.00715451        -3.6853760165  7.83E-04
     6 P_Mix/Diag. 0.40E+00    0.0     0.96664076        -3.6850397852  3.36E-04
     7 P_Mix/Diag. 0.40E+00    0.0     1.00486142        -3.6848332031  2.07E-04
     8 P_Mix/Diag. 0.40E+00    0.0     0.81603691        -3.6847328319  1.00E-04
     9 P_Mix/Diag. 0.40E+00    0.0     1.00248934        -3.6847258825  6.95E-06
    10 P_Mix/Diag. 0.40E+00    0.0     1.06622177        -3.6845850442  1.41E-04
    11 P_Mix/Diag. 0.40E+00    0.0     0.96757587        -3.6844817657  1.03E-04
    12 P_Mix/Diag. 0.40E+00    0.0     0.98133571        -3.6846258848 -1.44E-04
    13 P_Mix/Diag. 0.40E+00    0.0     1.20075357        -3.6844966608  1.29E-04
    14 P_Mix/Diag. 0.40E+00    0.0     1.08759312        -3.6843758464  1.21E-04
    15 P_Mix/Diag. 0.40E+00    0.0     1.21688007        -3.6844493741 -7.35E-05
    16 P_Mix/Diag. 0.40E+00    0.0     1.45889012        -3.6842909933  1.58E-04
    17 P_Mix/Diag. 0.40E+00    0.0     1.47944942        -3.6842560988  3.49E-05
    18 P_Mix/Diag. 0.40E+00    0.0     1.50458255        -3.6842646411 -8.54E-06
    19 P_Mix/Diag. 0.40E+00    0.0     1.51880247        -3.6842483460  1.63E-05
    20 P_Mix/Diag. 0.40E+00    0.0     1.52044775        -3.6842473408  1.01E-06
    21 P_Mix/Diag. 0.40E+00    0.0     1.52052905        -3.6842506244 -3.28E-06
    22 P_Mix/Diag. 0.40E+00    0.0     1.52113420        -3.6842483764  2.25E-06
    23 P_Mix/Diag. 0.40E+00    0.0     1.52131369        -3.6842483435  3.29E-08
    24 P_Mix/Diag. 0.40E+00    0.0     1.52119562        -3.6842489887 -6.45E-07
    25 P_Mix/Diag. 0.40E+00    0.0     1.52127113        -3.6842485693  4.19E-07
    26 P_Mix/Diag. 0.40E+00    0.0     1.52130006        -3.6842485721 -2.86E-09
    27 P_Mix/Diag. 0.40E+00    0.0     1.52127198        -3.6842486891 -1.17E-07
    28 P_Mix/Diag. 0.40E+00    0.0     1.52128683        -3.6842486095  7.96E-08
    29 P_Mix/Diag. 0.40E+00    0.0     1.52129185        -3.6842486118 -2.30E-09
    30 P_Mix/Diag. 0.40E+00    0.0     1.52128603        -3.6842486320 -2.02E-08
    31 P_Mix/Diag. 0.40E+00    0.0     1.52128920        -3.6842486172  1.48E-08
    32 P_Mix/Diag. 0.40E+00    0.0     1.52129005        -3.6842486181 -8.62E-10
    33 P_Mix/Diag. 0.40E+00    0.0     1.52128889        -3.6842486213 -3.26E-09
    34 P_Mix/Diag. 0.40E+00    0.0     1.52128958        -3.6842486187  2.67E-09
    35 P_Mix/Diag. 0.40E+00    0.0     1.52128971        -3.6842486189 -2.67E-10
    36 P_Mix/Diag. 0.40E+00    0.0     1.52128949        -3.6842486194 -4.60E-10
    37 P_Mix/Diag. 0.40E+00    0.0     1.52128964        -3.6842486189  4.58E-10
    38 P_Mix/Diag. 0.40E+00    0.0     1.52128966        -3.6842486190 -7.52E-11
    39 P_Mix/Diag. 0.40E+00    0.0     1.52128962        -3.6842486191 -4.50E-11
    40 P_Mix/Diag. 0.40E+00    0.0     1.52128965        -3.6842486190  7.25E-11
    41 P_Mix/Diag. 0.40E+00    0.0     1.52128965        -3.6842486190 -2.01E-11
    42 P_Mix/Diag. 0.40E+00    0.0     1.52128964        -3.6842486190  2.37E-12
    43 P_Mix/Diag. 0.40E+00    0.0     1.52128965        -3.6842486190  9.68E-12
    44 P_Mix/Diag. 0.40E+00    0.0     1.52128965        -3.6842486190 -5.15E-12
    45 P_Mix/Diag. 0.40E+00    0.0     1.52128965        -3.6842486190  3.22E-12
    46 P_Mix/Diag. 0.40E+00    0.0     1.52128965        -3.6842486190  7.24E-13
    47 P_Mix/Diag. 0.40E+00    0.0     1.52128965        -3.6842486190 -1.28E-12
    48 P_Mix/Diag. 0.40E+00    0.0     1.52128965        -3.6842486190  1.31E-12
    49 P_Mix/Diag. 0.40E+00    0.0     1.52128965        -3.6842486190 -1.65E-13
    50 P_Mix/Diag. 0.40E+00    0.0     1.52128965        -3.6842486190 -3.11E-13
    51 P_Mix/Diag. 0.40E+00    0.0     1.52128965        -3.6842486190  4.24E-13
    52 P_Mix/Diag. 0.40E+00    0.0     1.52128965        -3.6842486190 -1.15E-13
    53 P_Mix/Diag. 0.40E+00    0.0     1.52128965        -3.6842486190 -7.33E-14
    54 P_Mix/Diag. 0.40E+00    0.0     1.52128965        -3.6842486190  1.23E-13
    55 P_Mix/Diag. 0.40E+00    0.0     1.52128965        -3.6842486190 -4.40E-14
    56 P_Mix/Diag. 0.40E+00    0.0     1.52128965        -3.6842486190 -1.55E-14
    57 P_Mix/Diag. 0.40E+00    0.0     1.52128965        -3.6842486190  3.24E-14
    58 P_Mix/Diag. 0.40E+00    0.0     1.52128965        -3.6842486190 -1.33E-14
    59 P_Mix/Diag. 0.40E+00    0.0     1.52128965        -3.6842486190 -4.44E-15
    60 P_Mix/Diag. 0.40E+00    0.0     1.52128965        -3.6842486190  9.33E-15
    61 P_Mix/Diag. 0.40E+00    0.0     1.52128965        -3.6842486190 -4.00E-15
    62 P_Mix/Diag. 0.40E+00    0.0     1.52128965        -3.6842486190  4.44E-16
    63 P_Mix/Diag. 0.40E+00    0.0     1.52128965        -3.6842486190  1.33E-15
    64 P_Mix/Diag. 0.40E+00    0.0     1.52128965        -3.6842486190 -1.33E-15
    65 P_Mix/Diag. 0.40E+00    0.0     1.52128965        -3.6842486190 -8.88E-16
    66 P_Mix/Diag. 0.40E+00    0.0     1.52128965        -3.6842486190  1.33E-15
    67 P_Mix/Diag. 0.40E+00    0.0     1.52128965        -3.6842486190 -4.44E-16
    68 P_Mix/Diag. 0.40E+00    0.0     1.52128965        -3.6842486190 -8.88E-16
    69 P_Mix/Diag. 0.40E+00    0.0     1.52128965        -3.6842486190  0.00E+00
    70 P_Mix/Diag. 0.40E+00    0.0     1.52128965        -3.6842486190  8.88E-16
    71 P_Mix/Diag. 0.40E+00    0.0     1.52128965        -3.6842486190 -8.88E-16
    72 P_Mix/Diag. 0.40E+00    0.0     1.52128965        -3.6842486190  4.44E-16
    73 P_Mix/Diag. 0.40E+00    0.0     1.52128965        -3.6842486190  4.44E-16
    74 P_Mix/Diag. 0.40E+00    0.0     1.52128965        -3.6842486190 -8.88E-16
    75 P_Mix/Diag. 0.40E+00    0.0     1.52128965        -3.6842486190  8.88E-16
    76 P_Mix/Diag. 0.40E+00    0.0     1.52128965        -3.6842486190 -8.88E-16
    77 P_Mix/Diag. 0.40E+00    0.0     1.52128965        -3.6842486190  8.88E-16
    78 P_Mix/Diag. 0.40E+00    0.0     1.52128965        -3.6842486190 -1.33E-15
    79 P_Mix/Diag. 0.40E+00    0.0     1.52128965        -3.6842486190  1.78E-15
    80 P_Mix/Diag. 0.40E+00    0.0     1.52128965        -3.6842486190 -4.44E-16
    81 P_Mix/Diag. 0.40E+00    0.0     1.52128965        -3.6842486190 -8.88E-16
    82 P_Mix/Diag. 0.40E+00    0.0     1.52128965        -3.6842486190  4.44E-16
    83 P_Mix/Diag. 0.40E+00    0.0     1.52128965        -3.6842486190 -4.44E-16
    84 P_Mix/Diag. 0.40E+00    0.0     1.52128965        -3.6842486190  8.88E-16
    85 P_Mix/Diag. 0.40E+00    0.0     1.52128965        -3.6842486190  0.00E+00
    86 P_Mix/Diag. 0.40E+00    0.0     1.52128965        -3.6842486190 -4.44E-16
    87 P_Mix/Diag. 0.40E+00    0.0     1.52128965        -3.6842486190  4.44E-16
    88 P_Mix/Diag. 0.40E+00    0.0     1.52128965        -3.6842486190 -4.44E-16
    89 P_Mix/Diag. 0.40E+00    0.0     1.52128965        -3.6842486190 -4.44E-16
    90 P_Mix/Diag. 0.40E+00    0.0     1.52128965        -3.6842486190  0.00E+00
    91 P_Mix/Diag. 0.40E+00    0.0     1.52128965        -3.6842486190  4.44E-16
    92 P_Mix/Diag. 0.40E+00    0.0     1.52128965        -3.6842486190 -8.88E-16
    93 P_Mix/Diag. 0.40E+00    0.0     1.52128965        -3.6842486190 -4.44E-16
    94 P_Mix/Diag. 0.40E+00    0.0     1.52128965        -3.6842486190  1.33E-15
    95 P_Mix/Diag. 0.40E+00    0.0     1.52128965        -3.6842486190 -1.33E-15
    96 P_Mix/Diag. 0.40E+00    0.0     1.52128965        -3.6842486190  8.88E-16
    97 P_Mix/Diag. 0.40E+00    0.0     1.52128965        -3.6842486190  0.00E+00
    98 P_Mix/Diag. 0.40E+00    0.0     1.52128965        -3.6842486190  0.00E+00
    99 P_Mix/Diag. 0.40E+00    0.0     1.52128965        -3.6842486190  0.00E+00
   100 P_Mix/Diag. 0.40E+00    0.0     1.52128965        -3.6842486190  0.00E+00

  *** SCF run NOT converged ***


  Electronic density on regular grids:         -3.9998079181        0.0001920819
  Core density on regular grids:                3.9961648024       -0.0038351976
  Total charge density on r-space grids:       -0.0036431157
  Total charge density g-space grids:          -0.0036431157

  Overlap energy of the core charge distribution:               0.00000000000000
  Self energy of the core charge distribution:                -10.25799242814102
  Core Hamiltonian energy:                                      1.95097899111943
  Hartree energy:                                               5.52868797609633
  Exchange-correlation energy:                                 -0.90592315808038

  Total energy:                                                -3.68424861900565

 ENERGY| Total FORCE_EVAL ( QS ) energy (a.u.):               -3.669248396643794


 -------------------------------------------------------------------------------
 -                                                                             -
 -                                DBCSR STATISTICS                             -
 -                                                                             -
 -------------------------------------------------------------------------------
 COUNTER                                      CPU                  ACC      ACC%
 number of processed stacks                   101                    0       0.0
 matmuls inhomo. stacks                         0                    0       0.0
 matmuls total                                101                    0       0.0
 flops  13 x   13 x    2                    68276                    0       0.0
 flops total                                68276                    0       0.0
 marketing flops                            68276
 -------------------------------------------------------------------------------

 -------------------------------------------------------------------------------
 -                                                                             -
 -                         MESSAGE PASSING PERFORMANCE                         -
 -                                                                             -
 -------------------------------------------------------------------------------

 ROUTINE             CALLS  TOT TIME [s]  AVE VOLUME [Bytes]  PERFORMANCE [MB/s]
 MP_Group                3         0.000
 MP_Bcast              102         0.000                  4.                1.44
 MP_Allreduce         1060         0.001                  8.               13.36
 MP_Sync                 2         0.000
 MP_Alltoall          2316         0.002                522.              777.94
 MP_Wait              2424         0.001
 MP_ISend              808         0.002                228.              117.01
 MP_IRecv              808         0.000                228.              415.02
 MP_Memory            2424         0.001
 -------------------------------------------------------------------------------


 -------------------------------------------------------------------------------
 -                                                                             -
 -                           R E F E R E N C E S                               -
 -                                                                             -
 -------------------------------------------------------------------------------
 
 CP2K version 2.6.2, the CP2K developers group (2015).
 CP2K is freely available from http://www.cp2k.org/ .

 Borstnik, U; VandeVondele, J; Weber, V; Hutter, J. 
 PARALLEL COMPUTING, 40 (5-6), 47-58 (2014). 
 Sparse matrix multiplication: The distributed block-compressed sparse
 row library.
 http://dx.doi.org/10.1016/j.parco.2014.03.012


 Hutter, J; Iannuzzi, M; Schiffmann, F; VandeVondele, J. 
 WILEY INTERDISCIPLINARY REVIEWS-COMPUTATIONAL MOLECULAR SCIENCE, 4 (1), 15-25 (2014). 
 CP2K: atomistic simulations of condensed matter systems.
 http://dx.doi.org/10.1002/wcms.1159


 Krack, M. 
 THEORETICAL CHEMISTRY ACCOUNTS, 114 (1-3), 145-152 (2005). 
 Pseudopotentials for H to Kr optimized for gradient-corrected
 exchange-correlation functionals.
 http://dx.doi.org/10.1007/s00214-005-0655-y


 VandeVondele, J; Krack, M; Mohamed, F; Parrinello, M; Chassaing, T;
 Hutter, J. COMPUTER PHYSICS COMMUNICATIONS, 167 (2), 103-128 (2005). 
 QUICKSTEP: Fast and accurate density functional calculations using a
 mixed Gaussian and plane waves approach.
 http://dx.doi.org/10.1016/j.cpc.2004.12.014


 Frigo, M; Johnson, SG. 
 PROCEEDINGS OF THE IEEE, 93 (2), 216-231 (2005). 
 The design and implementation of FFTW3.
 http://dx.doi.org/10.1109/JPROC.2004.840301


 Hartwigsen, C; Goedecker, S; Hutter, J. 
 PHYSICAL REVIEW B, 58 (7), 3641-3662 (1998). 
 Relativistic separable dual-space Gaussian pseudopotentials from H to Rn.
 http://dx.doi.org/10.1103/PhysRevB.58.3641


 Lippert, G; Hutter, J; Parrinello, M. 
 MOLECULAR PHYSICS, 92 (3), 477-487 (1997). 
 A hybrid Gaussian and plane wave density functional scheme.
 http://dx.doi.org/10.1080/002689797170220


 Goedecker, S; Teter, M; Hutter, J. 
 PHYSICAL REVIEW B, 54 (3), 1703-1710 (1996). 
 Separable dual-space Gaussian pseudopotentials.
 http://dx.doi.org/10.1103/PhysRevB.54.1703


 BECKE, AD. PHYSICAL REVIEW A, 38 (6), 3098-3100 (1988). 
 DENSITY-FUNCTIONAL EXCHANGE-ENERGY APPROXIMATION WITH CORRECT
 ASYMPTOTIC-BEHAVIOR.
 http://dx.doi.org/10.1103/PhysRevA.38.3098


 -------------------------------------------------------------------------------
 -                                                                             -
 -                                T I M I N G                                  -
 -                                                                             -
 -------------------------------------------------------------------------------
 SUBROUTINE                       CALLS  ASD         SELF TIME        TOTAL TIME
                                MAXIMUM       AVERAGE  MAXIMUM  AVERAGE  MAXIMUM
 CP2K                                 1  1.0    0.002    0.002    1.112    1.112
 qs_forces                            1  2.0    0.000    0.000    1.083    1.083
 qs_energies_scf                      1  3.0    0.000    0.000    1.075    1.075
 scf_env_do_scf                       1  4.0    0.000    0.000    1.060    1.060
 scf_env_do_scf_inner_loop          100  5.0    0.009    0.009    1.060    1.060
 rebuild_ks_matrix                  101  7.0    0.000    0.000    0.787    0.787
 qs_ks_build_kohn_sham_matrix       101  8.0    0.006    0.006    0.787    0.787
 qs_ks_update_qs_env                100  6.0    0.001    0.001    0.782    0.782
 qs_vxc_create                      101  9.0    0.001    0.001    0.564    0.564
 xc_vxc_pw_create                   101 10.0    0.024    0.024    0.563    0.563
 fft_wrap_pw1pw2                   1314 10.7    0.007    0.007    0.463    0.463
 fft_wrap_pw1pw2_30                1112 11.8    0.026    0.026    0.445    0.445
 xc_rho_set_and_dset_create         101 11.0    0.058    0.058    0.357    0.357
 fft3d_s                           1315 12.7    0.300    0.300    0.311    0.311
 qs_rho_update_rho                  101  6.0    0.000    0.000    0.158    0.158
 calculate_rho_elec                 101  7.0    0.063    0.063    0.158    0.158
 sum_up_and_integrate               101  9.0    0.003    0.003    0.137    0.137
 integrate_v_rspace                 101 10.0    0.078    0.078    0.134    0.134
 xc_functional_eval                 101 12.0    0.001    0.001    0.134    0.134
 xb88_lda_eval                      101 13.0    0.133    0.133    0.133    0.133
 density_rs2pw                      101  8.0    0.001    0.001    0.093    0.093
 pw_scatter_s                       707 13.0    0.067    0.067    0.067    0.067
 calculate_dm_sparse                100  6.0    0.000    0.000    0.061    0.061
 cp_dbcsr_plus_fm_fm_t_native       101  7.0    0.001    0.001    0.060    0.060
 pw_gather_s                        607 12.5    0.052    0.052    0.052    0.052
 potential_pw2rs                    101 11.0    0.001    0.001    0.051    0.051
 dbcsr_mm_cannon_multiply           101  8.0    0.004    0.004    0.045    0.045
 pw_derive                          606 11.5    0.041    0.041    0.041    0.041
 quickstep_create_force_env           1  2.0    0.000    0.000    0.027    0.027
 pw_copy                            909 11.2    0.025    0.025    0.025    0.025
 pw_poisson_solve                   101  9.0    0.018    0.018    0.025    0.025
 dbcsr_complete_redistribute        302  9.0    0.011    0.011    0.024    0.024
 copy_dbcsr_to_fm                   400  7.0    0.003    0.003    0.023    0.023
 -------------------------------------------------------------------------------

  **** **** ******  **  PROGRAM ENDED AT                 2015-11-04 09:10:42.141
 ***** ** ***  *** **   PROGRAM RAN ON                       lauri-Lenovo-Z50-70
 **    ****   ******    PROGRAM RAN BY                                     lauri
 ***** **    ** ** **   PROGRAM PROCESS ID                                  1042
  **** **  *******  **  PROGRAM STOPPED IN /home/lauri/Dropbox/NoMaD Personal/gi
                                           tlab/parser-cp2k/cp2kparser/tests/2.6
                                           .2/functionals/becke88
